<html>
<body>
<pre>
<h1>µVision Build Log</h1>
<h2>Project:</h2>
D:\B2_55\LAB7\3 4 digit bcd up down\bcd up down.uvproj
Project File Date:  02/19/2025

<h2>Output:</h2>
Build target 'Target 1'
linking...
Program Size: Code=1848 RO-data=236 RW-data=24 ZI-data=624  
FromELF: creating hex file...
".\bcd up down.axf" - 0 Error(s), 0 Warning(s).
</pre>
</body>
</html>
unction call
                delay();
bcd up down.c(61): error:  #247: function "delay" has already been defined
  void delay(void){
bcd up down.c: 0 warnings, 3 errors
".\bcd up down.axf" - 3 Error(s), 0 Warning(s).
Target not created
compiling bcd up down.c...
"bcd up down.c" - 0 Error(s), 0 Warning(s).
, 3 errors
"bcd up down.c" - 3 Error(s), 0 Warning(s).
g(s).
n call
                  delay();
bcd up down.c(53): error:  #165: too few arguments in function call
                delay();
bcd up down.c: 0 warnings, 3 errors
"bcd up down.c" - 3 Error(s), 0 Warning(s).
