<html>
<body>
<pre>
<h1>µVision Build Log</h1>
<h2>Project:</h2>
D:\B2_55\es LAB8\lab8 die toss\lab8.uvproj
Project File Date:  02/26/2025

<h2>Output:</h2>
Build target 'Target 1'
linking...
Program Size: Code=1932 RO-data=236 RW-data=28 ZI-data=836  
FromELF: creating hex file...
".\lab8.axf" - 0 Error(s), 0 Warning(s).
compiling lab8 die toss.c...
lcdfn.h(148): warning:  #1-D: last line of file ends without a newline
   
lab8 die toss.c(54): warning:  #1-D: last line of file ends without a newline
   
lab8 die toss.c: 2 warnings, 0 errors
"lab8 die toss.c" - 0 Error(s), 2 Warning(s).
ning:  #1-D: last line of file ends without a newline
   
lab8 die toss.c(54): warning:  #1-D: last line of file ends without a newline
   
lab8 die toss.c: 2 warnings, 0 errors
"lab8 die toss.c" - 0 Error(s), 2 Warning(s).
xf: Error: L6200E: Symbol clear_ports multiply defined (by lcd_header.o and dietoss.o).
.\lab8.axf: Error: L6200E: Symbol write multiply defined (by lcd.o and dietoss.o).
.\lab8.axf: Error: L6200E: Symbol write multiply defined (by lcd_header.o and dietoss.o).
.\lab8.axf: Error: L6200E: Symbol lcd_comdata multiply defined (by lcd.o and dietoss.o).
.\lab8.axf: Error: L6200E: Symbol lcd_comdata multiply defined (by lcd_header.o and dietoss.o).
.\lab8.axf: Error: L6200E: Symbol lcd_init multiply defined (by lcd.o and dietoss.o).
.\lab8.axf: Error: L6200E: Symbol lcd_init multiply defined (by lcd_header.o and dietoss.o).
.\lab8.axf: Error: L6200E: Symbol main multiply defined (by lcd.o and dietoss.o).
.\lab8.axf: Error: L6200E: Symbol lcd_puts multiply defined (by lcd_header.o and lcd.o).
Not enough information to list image symbols.
Not enough information to list the image map.
Finished: 2 information, 0 warning and 13 error messages.
".\lab8.axf" - 13 Error(s), 2 Warning(s).
Target not created
compiling lab8 die toss.c...
lab8 die toss.c(3): error:  #5: cannot open source input file "lcdfn.h": No such file or directory
  #include "lcdfn.h"
lab8 die toss.c: 0 warnings, 1 error
"lab8 die toss.c" - 1 Error(s), 0 Warning(s).
