<html>
<body>
<pre>
<h1>µVision Build Log</h1>
<h2>Project:</h2>
D:\B2_55\es LAB9\lab9 q1\lab9 q1 calculator.uvproj
Project File Date:  03/12/2025

<h2>Output:</h2>
Build target 'Target 1'
linking...
Program Size: Code=2384 RO-data=236 RW-data=88 ZI-data=608  
FromELF: creating hex file...
".\lab9 q1 calculator.axf" - 0 Error(s), 0 Warning(s).
ror(s), 0 Warning(s).
compiling lab9q1.c...
"lab9q1.c" - 0 Error(s), 0 Warning(s).
warnings, 0 errors
linking...
Program Size: Code=2352 RO-data=236 RW-data=92 ZI-data=612  
FromELF: creating hex file...
".\lab9 q1 calculator.axf" - 0 Error(s), 2 Warning(s).
compiling calc.c...
lcdfn.h(76): warning:  #1-D: last line of file ends without a newline
  }
calc.c(112): warning:  #1-D: last line of file ends without a newline
  }
calc.c: 2 warnings, 0 errors
"calc.c" - 0 Error(s), 2 Warning(s).
