<html>
<body>
<pre>
<h1>µVision Build Log</h1>
<h2>Project:</h2>
D:\B2_55\LAB7\4 hex up down\lab 7.uvproj
Project File Date:  02/19/2025

<h2>Output:</h2>
Build target 'Target 1'
linking...
Program Size: Code=1848 RO-data=236 RW-data=28 ZI-data=628  
FromELF: creating hex file...
".\lab 7.axf" - 0 Error(s), 0 Warning(s).
</pre>
</body>
</html>
 delay(void){
hex up down.c: 0 warnings, 1 error
".\lab 7.axf" - 1 Error(s), 0 Warning(s).
Target not created
compiling hex up down.c...
"hex up down.c" - 0 Error(s), 0 Warning(s).
