<html>
<body>
<pre>
<h1>µVision Build Log</h1>
<h2>Project:</h2>
D:\B2_55\LAB7\1 1234 SERIALLY\lab7 1.uvproj
Project File Date:  02/19/2025

<h2>Output:</h2>
Build target 'Target 1'
assembling startup_LPC17xx.s...
compiling system_LPC17xx.c...
compiling 1234 serially.c...
1234 serially.c(32): warning:  #1-D: last line of file ends without a newline
  }
linking...
Program Size: Code=1516 RO-data=284 RW-data=56 ZI-data=608  
FromELF: creating hex file...
".\lab7 1.axf" - 0 Error(s), 1 Warning(s).
</pre>
</body>
</html>
