<html>
<body>
<pre>
<h1>µVision Build Log</h1>
<h2>Project:</h2>
C:\Users\ES_B2\Documents\B2_55\es lab9\lab9 solved matrix keyboard\matrix keyboard.uvproj
Project File Date:  03/12/2025

<h2>Output:</h2>
Build target 'Target 1'
linking...
Program Size: Code=2084 RO-data=236 RW-data=80 ZI-data=608  
FromELF: creating hex file...
".\matrix keyboard.axf" - 0 Error(s), 0 Warning(s).
</pre>
</body>
</html>
c...
matrix keyboard.c(257): warning:  #1-D: last line of file ends without a newline
   
matrix keyboard.c: 1 warning, 0 errors
"matrix keyboard.c" - 0 Error(s), 1 Warning(s).
hout a newline
   
matrix keyboard.c: 1 warning, 0 errors
"matrix keyboard.c" - 0 Error(s), 1 Warning(s).
keyboard.c: 1 warning, 0 errors
"matrix keyboard.c" - 0 Error(s), 1 Warning(s).
