<html>
<body>
<pre>
<h1>µVision Build Log</h1>
<h2>Project:</h2>
D:\B2_55\LAB7\2 4 digit bcd down counter\4 digit bcd down.uvproj
Project File Date:  02/19/2025

<h2>Output:</h2>
Build target 'Target 1'
linking...
Program Size: Code=1628 RO-data=236 RW-data=40 ZI-data=608  
FromELF: creating hex file...
".\4 digit bcd down.axf" - 0 Error(s), 0 Warning(s).
</pre>
</body>
</html>
.c...
"4 digit bcd down.c" - 0 Error(s), 0 Warning(s).

4 digit bcd down.c(23): warning:  #223-D: function "delay" declared implicitly
                                                delay();
4 digit bcd down.c(32): error:  #159: declaration is incompatible with previous "delay" (declared at line 21)
  void delay(void){
4 digit bcd down.c(34): warning:  #1-D: last line of file ends without a newline
  }
".\4 digit bcd down.axf" - 1 Error(s), 3 Warning(s).
Target not created
compiling 4 digit bcd down.c...
"4 digit bcd down.c" - 0 Error(s), 0 Warning(s).
